src/components/analytics/CategoryPieChart.tsx(25,54): error TS18048: 'percent' is possibly 'undefined'.
src/components/analytics/CategoryPieChart.tsx(30,22): error TS6133: 'entry' is declared but its value is never read.
src/components/VendorLayout.tsx(15,5): error TS6133: 'Check' is declared but its value is never read.
src/pages/admin/AppearanceSettings.tsx(5,11): error TS6196: 'SiteSetting' is declared but never used.
src/pages/admin/DeliveryManagement.tsx(276,30): error TS2304: Cannot find name 'Plus'.
src/pages/admin/DeliveryManagement.tsx(294,66): error TS2304: Cannot find name 'X'.
src/pages/admin/NavigationSettings.tsx(2,31): error TS6133: 'Edit2' is declared but its value is never read.
src/pages/admin/NavigationSettings.tsx(17,10): error TS6133: 'editingId' is declared but its value is never read.
src/pages/admin/RefundManagement.tsx(4,52): error TS6133: 'Clock' is declared but its value is never read.
src/pages/admin/RefundManagement.tsx(4,75): error TS6133: 'MessageSquare' is declared but its value is never read.
src/pages/admin/UserRolesManagement.tsx(4,30): error TS6133: 'Users' is declared but its value is never read.
src/pages/admin/VATManagement.tsx(4,54): error TS6133: 'Edit' is declared but its value is never read.
src/pages/admin/VATManagement.tsx(4,68): error TS6133: 'Plus' is declared but its value is never read.
src/pages/admin/WalletManagement.tsx(4,34): error TS6133: 'TrendingDown' is declared but its value is never read.
src/pages/admin/WalletManagement.tsx(4,85): error TS6133: 'Filter' is declared but its value is never read.
src/pages/customer/CustomerDashboard.tsx(7,3): error TS6133: 'MessageCircle' is declared but its value is never read.
src/pages/customer/CustomerDashboard.tsx(12,3): error TS6133: 'CheckCircle' is declared but its value is never read.
src/pages/customer/CustomerDashboard.tsx(13,3): error TS6133: 'XCircle' is declared but its value is never read.
src/pages/customer/CustomerDashboard.tsx(14,3): error TS6133: 'User' is declared but its value is never read.
src/pages/customer/CustomerDashboard.tsx(17,3): error TS6133: 'Search' is declared but its value is never read.
src/pages/customer/CustomerDashboard.tsx(385,14): error TS2367: This comparison appears to be unintentional because the types 'TabType' and '"profile"' have no overlap.
src/pages/SupportPage.tsx(7,17): error TS6133: 'profile' is declared but its value is never read.
src/pages/vendor/VendorDashboard.tsx(12,3): error TS6133: 'ExternalLink' is declared but its value is never read.
src/pages/vendor/VendorKYC.tsx(31,27): error TS6133: 'error' is declared but its value is never read.
src/pages/vendor/VendorOrderManagement.tsx(14,5): error TS6133: 'ExternalLink' is declared but its value is never read.
src/pages/vendor/VendorOrderManagement.tsx(15,5): error TS6133: 'MoreVertical' is declared but its value is never read.
src/pages/VendorSignupPage.tsx(25,10): error TS6133: 'shopName' is declared but its value is never read.
src/pages/VendorSignupPage.tsx(25,20): error TS6133: 'setShopName' is declared but its value is never read.
